PP 5655-EC6 IBM Enterprise COBOL for z/OS  6.4.0 P230221                 Date 08/28/2026  Time 13:56:12   Page     1

Invocation parameters:
 CICS,SQL

Options in effect:
 NOADATA
   ADV
   AFP(NOVOLATILE)
   QUOTE
   ARCH(10)
   ARITH(COMPAT)
 NOAWO
 NOBLOCK0
   BUFSIZE(4096)
   CICS
   CODEPAGE(1140)
 NOCOMPILE(S)
   CONDCOMP(NOSKIPSRC)
 NOCOPYLOC
 NOCOPYRIGHT
 NOCURRENCY
   DATA(31)
   DBCS
 NODECK
 NODEFINE
 NODIAGTRUNC
   DISPSIGN(COMPAT)
 NODLL
 NODUMP
 NODYNAM
 NOEXIT
 NOEXPORTALL
 NOFASTSRT
   FLAG(I,I)
 NOFLAGSTD
   HGPR(PRESERVE)
 NOINITCHECK
 NOINITIAL
   INLINE
   INTDATE(ANSI)
 NOINVDATA
 NOJAVAIOP
   LANGUAGE(EN)
   LINECOUNT(60)
 NOLIST
   LP(32)
 NOMAP
   MAXPCF(100000)
 NOMDECK
 NONAME
   NSYMBOL(NATIONAL)
 NONUMBER
 NONUMCHECK
   NUMPROC(NOPFD)
   OBJECT
 NOOFFSET
   OPTIMIZE(0)
   OUTDD(SYSOUT)
 NOPARMCHECKPP 5655-EC6 IBM Enterprise COBOL for z/OS  6.4.0 P230221                 Date 08/28/2026  Time 13:56:12   Page     2

   PGMNAME(COMPAT)
   QUALIFY(COMPAT)
   RENT
   RMODE(AUTO)
 NORULES
 NOSERVICE
   SEQUENCE
   SMARTBIN
   SOURCE(DEC)
   SPACE(1)
   SQL
   SQLCCSID
 NOSQLIMS
 NOSSRANGE
 NOSTGOPT
   SUPPRESS
 NOTERM
 NOTEST(NODWARF,NOSOURCE,NOSEPARATE)
 NOTHREAD
   TRUNC(STD)
   TUNE(10)
 NOVBREF
   VLR(STANDARD)
   VSAMOPENFS(COMPAT)
 NOWORD
   XMLPARSE(XMLSS)
   XREF(FULL)
   ZWB

        IGYOS4077-I   DSNH4790I DSNHPSRV  DSNHDECP HAS CCSID 500 IN EFFECT


        IGYOS4078-W   DSNH4791I DSNHPSRV  CCSID 1140 IS USED TO PROCESS SQL, BUT DSNHDECP HAS EBCDIC CCSID 500 IN EFFECT


        IGYOS4078-W   DSNH527I DSNHOPTS  THE PRECOMPILER OR DB2 COPROCESSOR ATTEMPTED TO USE THE DB2-SUPPLIED DSNHDECP MODULE.


        IGYOS4077-I   DSNH4760I DSNHPSRV  THE DB2 SQL COPROCESSOR IS USING THE LEVEL 2 INTERFACE UNDER DB2 V12



SQL Options in effect:
 ATTACH(TSO)
 CCSID(1140)
 CONNECT(2)
 DEC(15)
 DECP(DSNHDECP)
 SQLLEVEL(V13R1M500)
 ONEPASS
 PERIOD
 QUOTESQL
 STDSQL(NO)
 SQL(DB2)
 NOXREF
 NOSOURCE
 DSNHDECP LOADED FROM - (DSND10.SDSNLOAD(DSNHDECP))PP 5655-EC6 IBM Enterprise COBOL for z/OS  6.4.0 P230221                 Date 08/28/2026  Time 13:56:12   Page     3

CICS Options in effect:
 CICS
 DEBUG
 EDF
 NATLANG(EN)
 APOST
 NOSYSEIB
 NOFEPI
 NOCPSM
 LINKAGE
 LENGTH
 COBOL2PP 5655-EC6 IBM Enterprise COBOL for z/OS  6.4.0 P230221       EPSCMORT  Date 08/28/2026  Time 13:56:12   Page     4
  LineID  PL SL  ----+-*A-1-B--+----2----+----3----+----4----+----5----+----6----+----7-|--+----8 Map and Cross Reference

  000001                ID DIVISION.
  000002                PROGRAM-ID. EPSCMORT.
  000003               *    THIS DEMONSTRATES CICS/DEBUG           - EPSDEMOS 2008
  000004               *
  000005               *    THIS PROGRAM WILL RECEIVE A DATE AND COVERT THE DATE TO
  000006               *    AN INTEGER IN A CALLED PROGRAM TO DETERMINE DAYS FROM
  000007               *    CURRENT DATE.
  000008               *
  000009               *    (C) 2017 IBM - JIM HILDNER RESERVED.
  000010                ENVIRONMENT DIVISION.
  000011                CONFIGURATION SECTION.
  000012                SOURCE-COMPUTER. IBM-FLEX-ES.
  000013                OBJECT-COMPUTER. IBM-FLEX-ES.
  000014               *
  000015                DATA DIVISION.
  000016                WORKING-STORAGE SECTION.
  000017               *
  000018                01  W-FLAGS.                                                              * *
  000019                    10  W-SEND-FLAG                    PIC X.
  000020                        88  SEND-ERASE                   VALUE '1'.
  000021                        88  SEND-DATAONLY                VALUE '2'.
  000022                        88  SEND-MAPONLY                 VALUE '3'.
  000023                        88  SEND-DATAONLY-ALARM          VALUE '4'.
  000024                        88  SEND-ALL                     VALUE '5'.
  000025
  000026                01 W-CONVERSIONS.
  000027                    05  W-PMT-CNVRT     PIC X(12).
  000028                    05  W-PMT-NUMBER
  000029                        REDEFINES W-PMT-CNVRT                                             27
  000030                                        PIC 9(10)V99.
  000031                    05  WS-FORMAT-NUMBER PIC Z,ZZZ,ZZ9.99.
  000032                    05  W-PRINC-CNVRT   PIC X(12).
  000033                    05  W-PRINC-NUMBER
  000034                        REDEFINES W-PRINC-CNVRT                                           32
  000035                                        PIC 9(10)V99.
  000036
  000037                01 W-CALL-PROGRAM                      PIC X(8).
  000038               *
  000039                01 W-RETIREMENT-WA                     PIC 9(4).
  000040                01 W-COMAREA-LENGTH                    PIC 9(4) COMP.
  000041
  000042                01  SQL-ERROR-MSG.
  000043                    03  FILLER              PIC X(11)      VALUE 'SQL ERROR: '.
  000044                    03  SQL-ERROR-CODE      PIC 9(5) DISPLAY.
  000045               *
  000046                    EXEC SQL
  000047                        INCLUDE SQLCA
  000048                    END-EXEC.
  000049C               01 SQLCA GLOBAL VOLATILE.
  000050C                   05 SQLCAID PIC X(8).
  000051C                   05 SQLCABC PIC S9(9) COMP-5.
  000052C                   05 SQLCODE PIC S9(9) COMP-5.
  000053C                   05 SQLERRM.
  000054C                     49 SQLERRML PIC S9(4) COMP-5.
  000055C                     49 SQLERRMC PIC X(70).
  000056C                   05 SQLERRP PIC X(8).
  000057C                   05 SQLERRD PIC S9(9) COMP-5PP 5655-EC6 IBM Enterprise COBOL for z/OS  6.4.0 P230221       EPSCMORT  Date 08/28/2026  Time 13:56:12   Page     5
  LineID  PL SL  ----+-*A-1-B--+----2----+----3----+----4----+----5----+----6----+----7-|--+----8 Map and Cross Reference

  000058C                              OCCURS 6 TIMES.
  000059C                   05 SQLWARN.
  000060C                     10 SQLWARN0 PIC X.
  000061C                     10 SQLWARN1 PIC X.
  000062C                     10 SQLWARN2 PIC X.
  000063C                     10 SQLWARN3 PIC X.
  000064C                     10 SQLWARN4 PIC X.
  000065C                     10 SQLWARN5 PIC X.
  000066C                     10 SQLWARN6 PIC X.
  000067C                     10 SQLWARN7 PIC X.
  000068C                   05 SQLEXT.
  000069C                     10 SQLWARN8 PIC X.
  000070C                     10 SQLWARN9 PIC X.
  000071C                     10 SQLWARNA PIC X.
  000072C                     10 SQLSTATE PIC X(5).
  000073               *
  000074                    EXEC SQL DECLARE SYSIBM.SYSDUMMY1 TABLE
  000075                    ( IBMREQD                        CHAR(1) NOT NULL
  000076                    ) END-EXEC.
  000077               *
  000078                01 IBMREQD                           PIC X(1).
  000079               *
  000080                01  END-OF-TRANS-MSG                 PIC X(30)
  000081                      VALUE 'END OF TRANSACTION - THANK YOU'.
  000082                01  BLANK-MSG                        PIC X(1) VALUE ' '.
  000083                    COPY DFHAID.
  000084C              *****************************************************************
  000085C              *                                                               *
  000086C              *                                                               *
  000087C              *                                                               *
  000088C              *     Licensed Materials - Property of VALT                     *
  000089C              *                                                               *
  000090C              *     "Restricted Materials of IBM"                             *
  000091C              *                                                               *
  000092C              *     5655-YA1                                                  *
  000093C              *                                                               *
  000094C              *     (C) Copyright IBM Corp. 1988, 2022"                       *
  000095C              *                                                               *
  000096C              *                                                               *
  000097C              *                                                               *
  000098C              *                                                               *
  000099C              *   STATUS = 7.4.0                                              *
  000100C              *                                                               *
  000101C              * CHANGE ACTIVITY :                                             *
  000102C              *                                                               *
  000103C              *   $SEG(DFHAID),COMP(BMS),PROD(CICS TS ):                      *
  000104C              *                                                               *
  000105C              *  PN= REASON REL YYMMDD HDXXIII : REMARKS                      *
  000106C              * $D1= I07991 670 100820 HDIGPG  : Translate unprintable char   *
  000107C              * $L0= Base   210 88     HD1MA   : Base                         *
  000108C              *     R169962 740 220304 HDPJEM  : Fix special chars            *
  000109C              *                                                               *
  000110C              *****************************************************************
  000111C              *
  000112C              *
  000113C               01    DFHAID.
  000114C                 02  DFHNULL   PIC  X  VALUE IS X'00'.PP 5655-EC6 IBM Enterprise COBOL for z/OS  6.4.0 P230221       EPSCMORT  Date 08/28/2026  Time 13:56:12   Page     6
  LineID  PL SL  ----+-*A-1-B--+----2----+----3----+----4----+----5----+----6----+----7-|--+----8 Map and Cross Reference

  000115C                 02  DFHENTER  PIC  X  VALUE IS ''''.
  000116C                 02  DFHCLEAR  PIC  X  VALUE IS '_'.
  000117C                 02  DFHCLRP   PIC  X  VALUE IS X'6A'.
  000118C              * UPDATED DFHCLRP TO USE CHAR CODE      @R169962C
  000119C                 02  DFHPEN    PIC  X  VALUE IS '='.
  000120C                 02  DFHOPID   PIC  X  VALUE IS 'W'.
  000121C                 02  DFHMSRE   PIC  X  VALUE IS 'X'.
  000122C                 02  DFHSTRF   PIC  X  VALUE IS 'h'.
  000123C                 02  DFHTRIG   PIC  X  VALUE IS '"'.
  000124C                 02  DFHPA1    PIC  X  VALUE IS '%'.
  000125C                 02  DFHPA2    PIC  X  VALUE IS '>'.
  000126C                 02  DFHPA3    PIC  X  VALUE IS ','.
  000127C                 02  DFHPF1    PIC  X  VALUE IS '1'.
  000128C                 02  DFHPF2    PIC  X  VALUE IS '2'.
  000129C                 02  DFHPF3    PIC  X  VALUE IS '3'.
  000130C                 02  DFHPF4    PIC  X  VALUE IS '4'.
  000131C                 02  DFHPF5    PIC  X  VALUE IS '5'.
  000132C                 02  DFHPF6    PIC  X  VALUE IS '6'.
  000133C                 02  DFHPF7    PIC  X  VALUE IS '7'.
  000134C                 02  DFHPF8    PIC  X  VALUE IS '8'.
  000135C                 02  DFHPF9    PIC  X  VALUE IS '9'.
  000136C                 02  DFHPF10   PIC  X  VALUE IS ':'.
  000137C                 02  DFHPF11   PIC  X  VALUE IS '#'.
  000138C                 02  DFHPF12   PIC  X  VALUE IS '@'.
  000139C                 02  DFHPF13   PIC  X  VALUE IS 'A'.
  000140C                 02  DFHPF14   PIC  X  VALUE IS 'B'.
  000141C                 02  DFHPF15   PIC  X  VALUE IS 'C'.
  000142C                 02  DFHPF16   PIC  X  VALUE IS 'D'.
  000143C                 02  DFHPF17   PIC  X  VALUE IS 'E'.
  000144C                 02  DFHPF18   PIC  X  VALUE IS 'F'.
  000145C                 02  DFHPF19   PIC  X  VALUE IS 'G'.
  000146C                 02  DFHPF20   PIC  X  VALUE IS 'H'.
  000147C                 02  DFHPF21   PIC  X  VALUE IS 'I'.
  000148C                 02  DFHPF22   PIC  X  VALUE IS X'4A'.
  000149C              * UPDATED DFHPF22 TO USE CHAR CODE      @R169962C
  000150C                 02  DFHPF23   PIC  X  VALUE IS '.'.
  000151C                 02  DFHPF24   PIC  X  VALUE IS '<'.
  000152               *    COPY DFHEIBLK.
  000153                    COPY EPSMORT.
  000154C               01  EPMENUI.
  000155C                   02  FILLER PIC X(12).
  000156C                   02  LITLOANL    COMP  PIC  S9(4).
  000157C                   02  LITLOANF    PICTURE X.
  000158C                   02  FILLER REDEFINES LITLOANF.                                        157
  000159C                     03 LITLOANA    PICTURE X.
  000160C                   02  FILLER   PICTURE X(2).
  000161C                   02  LITLOANI  PIC X(23).
  000162C                   02  EPLOANL    COMP  PIC  S9(4).
  000163C                   02  EPLOANF    PICTURE X.
  000164C                   02  FILLER REDEFINES EPLOANF.                                         163
  000165C                     03 EPLOANA    PICTURE X.
  000166C                   02  FILLER   PICTURE X(2).
  000167C                   02  EPLOANI  PIC X(12).
  000168C                   02  LITYEARSL    COMP  PIC  S9(4).
  000169C                   02  LITYEARSF    PICTURE X.
  000170C                   02  FILLER REDEFINES LITYEARSF.                                       169
  000171C                     03 LITYEARSA    PICTURE X.PP 5655-EC6 IBM Enterprise COBOL for z/OS  6.4.0 P230221       EPSCMORT  Date 08/28/2026  Time 13:56:12   Page     7
  LineID  PL SL  ----+-*A-1-B--+----2----+----3----+----4----+----5----+----6----+----7-|--+----8 Map and Cross Reference

  000172C                   02  FILLER   PICTURE X(2).
  000173C                   02  LITYEARSI  PIC X(24).
  000174C                   02  EPYEARSL    COMP  PIC  S9(4).
  000175C                   02  EPYEARSF    PICTURE X.
  000176C                   02  FILLER REDEFINES EPYEARSF.                                        175
  000177C                     03 EPYEARSA    PICTURE X.
  000178C                   02  FILLER   PICTURE X(2).
  000179C                   02  EPYEARSI  PIC X(2).
  000180C                   02  EPDIFF1L    COMP  PIC  S9(4).
  000181C                   02  EPDIFF1F    PICTURE X.
  000182C                   02  FILLER REDEFINES EPDIFF1F.                                        181
  000183C                     03 EPDIFF1A    PICTURE X.
  000184C                   02  FILLER   PICTURE X(2).
  000185C                   02  EPDIFF1I  PIC X(22).
  000186C                   02  EPRATEL    COMP  PIC  S9(4).
  000187C                   02  EPRATEF    PICTURE X.
  000188C                   02  FILLER REDEFINES EPRATEF.                                         187
  000189C                     03 EPRATEA    PICTURE X.
  000190C                   02  FILLER   PICTURE X(2).
  000191C                   02  EPRATEI  PIC X(5).
  000192C                   02  EPDIFF2L    COMP  PIC  S9(4).
  000193C                   02  EPDIFF2F    PICTURE X.
  000194C                   02  FILLER REDEFINES EPDIFF2F.                                        193
  000195C                     03 EPDIFF2A    PICTURE X.
  000196C                   02  FILLER   PICTURE X(2).
  000197C                   02  EPDIFF2I  PIC X(22).
  000198C                   02  EPPAYMNTL    COMP  PIC  S9(4).
  000199C                   02  EPPAYMNTF    PICTURE X.
  000200C                   02  FILLER REDEFINES EPPAYMNTF.                                       199
  000201C                     03 EPPAYMNTA    PICTURE X.
  000202C                   02  FILLER   PICTURE X(2).
  000203C                   02  EPPAYMNTI  PIC X(12).
  000204C                   02  MSGERRL    COMP  PIC  S9(4).
  000205C                   02  MSGERRF    PICTURE X.
  000206C                   02  FILLER REDEFINES MSGERRF.                                         205
  000207C                     03 MSGERRA    PICTURE X.
  000208C                   02  FILLER   PICTURE X(2).
  000209C                   02  MSGERRI  PIC X(40).
  000210C               01  EPMENUO REDEFINES EPMENUI.                                            154
  000211C                   02  FILLER PIC X(12).
  000212C                   02  FILLER PICTURE X(3).
  000213C                   02  LITLOANC    PICTURE X.
  000214C                   02  LITLOANH    PICTURE X.
  000215C                   02  LITLOANO  PIC X(23).
  000216C                   02  FILLER PICTURE X(3).
  000217C                   02  EPLOANC    PICTURE X.
  000218C                   02  EPLOANH    PICTURE X.
  000219C                   02  EPLOANO  PIC X(12).
  000220C                   02  FILLER PICTURE X(3).
  000221C                   02  LITYEARSC    PICTURE X.
  000222C                   02  LITYEARSH    PICTURE X.
  000223C                   02  LITYEARSO  PIC X(24).
  000224C                   02  FILLER PICTURE X(3).
  000225C                   02  EPYEARSC    PICTURE X.
  000226C                   02  EPYEARSH    PICTURE X.
  000227C                   02  EPYEARSO  PIC X(2).
  000228C                   02  FILLER PICTURE X(3).PP 5655-EC6 IBM Enterprise COBOL for z/OS  6.4.0 P230221       EPSCMORT  Date 08/28/2026  Time 13:56:12   Page     8
  LineID  PL SL  ----+-*A-1-B--+----2----+----3----+----4----+----5----+----6----+----7-|--+----8 Map and Cross Reference

  000229C                   02  EPDIFF1C    PICTURE X.
  000230C                   02  EPDIFF1H    PICTURE X.
  000231C                   02  EPDIFF1O  PIC X(22).
  000232C                   02  FILLER PICTURE X(3).
  000233C                   02  EPRATEC    PICTURE X.
  000234C                   02  EPRATEH    PICTURE X.
  000235C                   02  EPRATEO  PIC X(5).
  000236C                   02  FILLER PICTURE X(3).
  000237C                   02  EPDIFF2C    PICTURE X.
  000238C                   02  EPDIFF2H    PICTURE X.
  000239C                   02  EPDIFF2O  PIC X(22).
  000240C                   02  FILLER PICTURE X(3).
  000241C                   02  EPPAYMNTC    PICTURE X.
  000242C                   02  EPPAYMNTH    PICTURE X.
  000243C                   02  EPPAYMNTO  PIC X(12).
  000244C                   02  FILLER PICTURE X(3).
  000245C                   02  MSGERRC    PICTURE X.
  000246C                   02  MSGERRH    PICTURE X.
  000247C                   02  MSGERRO  PIC X(40).
  000248
  000249                01  W-COMMUNICATION-AREA.
  000250                    COPY EPSMTCOM.
  000251C                  10  PROCESS-INDICATOR               PIC X.
  000252C
  000253C                  COPY EPSMTINP.
  000254C              * INPUT
  000255C                  10 EPSPCOM-PRINCIPLE-DATA   PIC S9(9)V99 COMP.
  000256C                  10 EPSPCOM-NUMBER-OF-YEARS  PIC S9(4)    COMP.
  000257C                  10 EPSPCOM-NUMBER-OF-MONTHS PIC S9(4)    COMP.
  000258C                  10 EPSPCOM-QUOTED-INTEREST-RATE
  000259C                                                PIC S9(2)v9(3) COMP.
  000260C                  10 EPSPCOM-YEAR-MONTH-IND   PIC X.
  000261C                  COPY EPSMTOUT.
  000262C              * OUTPUT
  000263C                  10 EPSPCOM-RETURN-MONTH-PAYMENT
  000264C                                              PIC S9(7)V99 COMP.
  000265C                  10 EPSPCOM-ERRMSG           PIC X(80).
  000266C                  10 EPSPCOM-PROGRAM-RETCODE  PIC 9(4).
  000267C                     88 EPS02-REQUEST-SUCCESS VALUE 0.
  000268C                  10 EPSPCOM-PROGRAM-RETCODE-RDF
  000269C                          REDEFINES EPSPCOM-PROGRAM-RETCODE                              266
  000270C                                              PIC X(4).
  000271
  000272                COPY EPSNBRPM.
  000273C               01  EPS-NUMBER-VALIDATION.
  000274C              * INPUT
  000275C                   03 EPSPARM-VALIDATE-DATA     PIC X(13).
  000276C                   03 EPSPARM-MAX-LENGTH        PIC 99.
  000277C              * OUTPUT
  000278C                   03 EPSPARM-NUMBER            PIC 9(13).
  000279C                   03 EPSPARM-DECIMAL           PIC V9(13).
  000280C                   03 EPSPARM-BINARY-NUMBER     PIC 9(9)V99 COMP.
  000281C                   03 EPSPARM-RETURN-ERROR      PIC X(80).
  000282C
  000283
  000284                LINKAGE SECTION.
  000285PP 5655-EC6 IBM Enterprise COBOL for z/OS  6.4.0 P230221       EPSCMORT  Date 08/28/2026  Time 13:56:12   Page     9
  LineID  PL SL  ----+-*A-1-B--+----2----+----3----+----4----+----5----+----6----+----7-|--+----8 Map and Cross Reference

  000286                01 DFHCOMMAREA.
  000287                COPY EPSMTCOM.
  000288C                  10  PROCESS-INDICATOR               PIC X.
  000289C
  000290C                  COPY EPSMTINP.
  000291C              * INPUT
  000292C                  10 EPSPCOM-PRINCIPLE-DATA   PIC S9(9)V99 COMP.
  000293C                  10 EPSPCOM-NUMBER-OF-YEARS  PIC S9(4)    COMP.
  000294C                  10 EPSPCOM-NUMBER-OF-MONTHS PIC S9(4)    COMP.
  000295C                  10 EPSPCOM-QUOTED-INTEREST-RATE
  000296C                                                PIC S9(2)v9(3) COMP.
  000297C                  10 EPSPCOM-YEAR-MONTH-IND   PIC X.
  000298C                  COPY EPSMTOUT.
  000299C              * OUTPUT
  000300C                  10 EPSPCOM-RETURN-MONTH-PAYMENT
  000301C                                              PIC S9(7)V99 COMP.
  000302C                  10 EPSPCOM-ERRMSG           PIC X(80).
  000303C                  10 EPSPCOM-PROGRAM-RETCODE  PIC 9(4).
  000304C                     88 EPS02-REQUEST-SUCCESS VALUE 0.
  000305C                  10 EPSPCOM-PROGRAM-RETCODE-RDF
  000306C                          REDEFINES EPSPCOM-PROGRAM-RETCODE                              303
  000307C                                              PIC X(4).
  000308
  000309                PROCEDURE DIVISION USING DFHCOMMAREA.                                     286
  000310
  000311                EPSCMORT-MAINLINE.
  000312               * Call procedure to do SQL call
  000313                    PERFORM A805-DUMMY-SQL-CALL                                           471
  000314                    MOVE LENGTH OF DFHCOMMAREA to W-COMAREA-LENGTH.                       IMP 286 40
  000315                    MOVE DFHCOMMAREA to W-COMMUNICATION-AREA.                             286 249
  000316                    EVALUATE TRUE
  000317                        WHEN EIBCALEN = ZERO                                              IMP IMP
  000318               * First time in - Show Screen
  000319      1                     MOVE LOW-VALUES TO EPMENUO                                    IMP 210
  000320      1                     SET SEND-ERASE TO TRUE                                        20
  000321      1                     PERFORM A300-SEND-MAP                                         391
  000322      1                     MOVE '3' TO
  000323      1                        PROCESS-INDICATOR OF W-COMMUNICATION-AREA                  251 249
  000324                        WHEN EIBAID = DFHCLEAR                                            IMP 116
  000325               * Process CLEAR key
  000326      1                     MOVE LOW-VALUES TO EPMENUO                                    IMP 210
  000327      1                     SET SEND-ERASE TO TRUE                                        20
  000328      1                     PERFORM A300-SEND-MAP                                         391
  000329                        WHEN EIBAID = DFHPF3 OR DFHPF12                                   IMP 129 138
  000330               * Process END/RETURN keys
  000331      1                    IF PROCESS-INDICATOR OF W-COMMUNICATION-AREA = '3'             251 249
  000332      2                        EXEC CICS
  000333      2                           SEND TEXT FROM (END-OF-TRANS-MSG)
  000334      2                           ERASE
  000335      2                           FREEKB
  000336>>    2                        END-EXEC                                                   EXT
  000337      2                        EXEC CICS
  000338      2                             RETURN
  000339>>    2                        END-EXEC                                                   EXT
  000340      1                     ELSE
  000341      2                        SET SEND-ALL TO TRUE                                       24
  000342      2                        EXEC CICSPP 5655-EC6 IBM Enterprise COBOL for z/OS  6.4.0 P230221       EPSCMORT  Date 08/28/2026  Time 13:56:12   Page    10
  LineID  PL SL  ----+-*A-1-B--+----2----+----3----+----4----+----5----+----6----+----7-|--+----8 Map and Cross Reference

  000343      2                           SEND TEXT FROM (BLANK-MSG)
  000344      2                           ERASE
  000345      2                           FREEKB
  000346>>    2                        END-EXEC                                                   EXT
  000347      2                        PERFORM A300-SEND-MAP                                      391
  000348      2                        MOVE '3' TO
  000349      2                            PROCESS-INDICATOR OF W-COMMUNICATION-AREA              251 249
  000350      1                     END-IF
  000351                        WHEN EIBAID = DFHPF9                                              IMP 135
  000352      1                     MOVE '9' TO
  000353      1                        PROCESS-INDICATOR OF W-COMMUNICATION-AREA                  251 249
  000354      1                     EXEC CICS LINK PROGRAM( 'EPSMLIST' )
  000355      1                            COMMAREA( W-COMMUNICATION-AREA )
  000356>>    1                     END-EXEC                                                      EXT
  000357                        WHEN EIBAID = DFHENTER                                            IMP 115
  000358               * Process ENTER Key
  000359      1                     IF PROCESS-INDICATOR OF W-COMMUNICATION-AREA = '3'            251 249
  000360      2                        PERFORM A100-PROCESS-MAP                                   384
  000361      1                     ELSE
  000362      2                        EXEC CICS LINK PROGRAM('EPSMLIST')
  000363      2                               COMMAREA( W-COMMUNICATION-AREA )
  000364>>    2                        END-EXEC                                                   EXT
  000365      1                     END-IF
  000366                        WHEN OTHER
  000367               * Process Data
  000368      1                      IF PROCESS-INDICATOR OF W-COMMUNICATION-AREA = '3'           251 249
  000369      2                        PERFORM A600-CALCULATE-MORTGAGE                            453
  000370>>    2                        EXEC CICS RETURN END-EXEC                                  EXT
  000371               *             ELSE
  000372               *                MOVE X'E8' TO MSGERRA
  000373               *                MOVE LOW-VALUES TO EPMENUO
  000374               *                SET SEND-DATAONLY-ALARM TO TRUE
  000375               *                PERFORM A300-SEND-MAP
  000376      1                      END-IF
  000377                    END-EVALUATE
  000378                    EXEC CICS
  000379                        RETURN TRANSID('EPSP')
  000380                        COMMAREA(W-COMMUNICATION-AREA)
  000381                        LENGTH(W-COMAREA-LENGTH)
  000382>>                  END-EXEC.                                                             EXT
  000383
  000384                A100-PROCESS-MAP.
  000385                    PERFORM A400-RECEIVE-MAP.                                             423
  000386                    PERFORM A600-CALCULATE-MORTGAGE                                       453
  000387                    SET SEND-DATAONLY TO TRUE                                             21
  000388                    PERFORM A300-SEND-MAP                                                 391
  000389                        .
  000390
  000391                A300-SEND-MAP.
  000392                    EVALUATE TRUE
  000393                       WHEN SEND-MAPONLY                                                  22
  000394      1                     EXEC CICS
  000395      1                       SEND MAP ('EPMENU')
  000396      1                         MAPSET('EPSMORT')
  000397      1                         MAPONLY
  000398      1                         CURSOR
  000399>>    1                     END-EXEC                                                      EXTPP 5655-EC6 IBM Enterprise COBOL for z/OS  6.4.0 P230221       EPSCMORT  Date 08/28/2026  Time 13:56:12   Page    11
  LineID  PL SL  ----+-*A-1-B--+----2----+----3----+----4----+----5----+----6----+----7-|--+----8 Map and Cross Reference

  000400                       WHEN SEND-ERASE                                                    20
  000401      1                     EXEC CICS
  000402      1                       SEND MAP ('EPMENU')
  000403      1                           MAPSET('EPSMORT')
  000404      1                           FROM(EPMENUO)
  000405      1                           ERASE
  000406      1                           CURSOR
  000407>>    1                     END-EXEC                                                      EXT
  000408                       WHEN SEND-DATAONLY                                                 21
  000409      1                     EXEC CICS
  000410      1                       SEND MAP ('EPMENU')
  000411      1                           MAPSET('EPSMORT')
  000412      1                           FROM(EPMENUO)
  000413      1                           DATAONLY
  000414      1                           CURSOR
  000415>>    1                     END-EXEC                                                      EXT
  000416                       WHEN SEND-ALL                                                      24
  000417      1                     EXEC CICS
  000418      1                       SEND MAP ('EPMENU')
  000419      1                           MAPSET('EPSMORT')
  000420      1                           FROM(EPMENUO)
  000421>>    1                       END-EXEC.                                                   EXT
  000422
  000423                A400-RECEIVE-MAP.
  000424                    EXEC CICS
  000425                         RECEIVE MAP('EPMENU')
  000426                            MAPSET('EPSMORT')
  000427                            INTO (EPMENUI)
  000428>>                  END-EXEC.                                                             EXT
  000429
  000430                    MOVE EPLOANI        TO EPSPARM-VALIDATE-DATA.                         167 275
  000431                    MOVE LENGTH OF EPLOANI                                                IMP 167
  000432                                        TO EPSPARM-MAX-LENGTH.                            276
  000433                    CALL 'EPSNBRVL' USING EPS-NUMBER-VALIDATION.                          EXT 273
  000434                    COMPUTE EPSPCOM-PRINCIPLE-DATA                                        255
  000435                         OF W-COMMUNICATION-AREA                                          249
  000436                         = EPSPARM-NUMBER + EPSPARM-DECIMAL.                              278 279
  000437
  000438                    MOVE EPYEARSI             TO EPSPARM-VALIDATE-DATA.                   179 275
  000439                    MOVE LENGTH OF EPYEARSI   TO EPSPARM-MAX-LENGTH.                      IMP 179 276
  000440                    CALL 'EPSNBRVL' USING EPS-NUMBER-VALIDATION.                          EXT 273
  000441                    COMPUTE EPSPCOM-NUMBER-OF-YEARS                                       256
  000442                         OF W-COMMUNICATION-AREA                                          249
  000443                         = EPSPARM-NUMBER + EPSPARM-DECIMAL.                              278 279
  000444
  000445                    MOVE EPRATEI              TO EPSPARM-VALIDATE-DATA.                   191 275
  000446                    MOVE LENGTH OF EPRATEI    TO EPSPARM-MAX-LENGTH.                      IMP 191 276
  000447                    CALL 'EPSNBRVL' USING EPS-NUMBER-VALIDATION.                          EXT 273
  000448                    COMPUTE EPSPCOM-QUOTED-INTEREST-RATE                                  258
  000449                         OF W-COMMUNICATION-AREA                                          249
  000450                         = EPSPARM-NUMBER + EPSPARM-DECIMAL.                              278 279
  000451
  000452
  000453                A600-CALCULATE-MORTGAGE.
  000454                    MOVE 'Y' TO EPSPCOM-YEAR-MONTH-IND                                    260
  000455                                    OF W-COMMUNICATION-AREA.                              249
  000456                    MOVE 'EPSCSMRT' TO W-CALL-PROGRAM                                     37PP 5655-EC6 IBM Enterprise COBOL for z/OS  6.4.0 P230221       EPSCMORT  Date 08/28/2026  Time 13:56:12   Page    12
  LineID  PL SL  ----+-*A-1-B--+----2----+----3----+----4----+----5----+----6----+----7-|--+----8 Map and Cross Reference

  000457                    EXEC CICS LINK PROGRAM( W-CALL-PROGRAM )
  000458                                   COMMAREA( W-COMMUNICATION-AREA )
  000459>>                  END-EXEC                                                              EXT
  000460                    .
  000461                    MOVE EPSPCOM-RETURN-MONTH-PAYMENT                                     263
  000462                                      OF W-COMMUNICATION-AREA                             249
  000463                                      TO WS-FORMAT-NUMBER.                                31
  000464
  000465                    MOVE WS-FORMAT-NUMBER                                                 31
  000466                                      TO EPPAYMNTO.                                       243
  000467                    MOVE EPSPCOM-ERRMSG                                                   265
  000468                                      OF W-COMMUNICATION-AREA                             249
  000469                                      TO MSGERRO.                                         247
  000470
  000471                A805-DUMMY-SQL-CALL.
  000472                    EXEC SQL
  000473                        SELECT IBMREQD
  000474                             INTO :IBMREQD                                                78
  000475                             FROM SYSIBM.SYSDUMMY1
  000476                    END-EXEC.                                                             EXT IMP
  000477               *
  000478                    IF SQLCODE = 100                                                      52
  000479      1                 MOVE 'No rows found on SYSDUMM1.' TO MSGERRO                      247
  000480                    ELSE
  000481      1                 IF SQLCODE NOT = 0                                                52
  000482      2                     MOVE SQLCODE TO SQL-ERROR-CODE                                52 44
  000483      2                     MOVE SQL-ERROR-MSG TO MSGERRO                                 42 247
  000484      1                 END-IF
  000485                    END-IF.
  000486               *PP 5655-EC6 IBM Enterprise COBOL for z/OS  6.4.0 P230221       EPSCMORT  Date 08/28/2026  Time 13:56:12   Page    13

An "M" preceding a data-name reference indicates that the data-name is modified by this reference.

 Defined   Cross-reference of data names   References

      82   BLANK-MSG
     113   DFHAID
     116   DFHCLEAR . . . . . . . . . . .  324
     117   DFHCLRP
     286   DFHCOMMAREA. . . . . . . . . .  309 314 315
     115   DFHENTER . . . . . . . . . . .  357
     121   DFHMSRE
     114   DFHNULL
     120   DFHOPID
     124   DFHPA1
     125   DFHPA2
     126   DFHPA3
     119   DFHPEN
     127   DFHPF1
     136   DFHPF10
     137   DFHPF11
     138   DFHPF12. . . . . . . . . . . .  329
     139   DFHPF13
     140   DFHPF14
     141   DFHPF15
     142   DFHPF16
     143   DFHPF17
     144   DFHPF18
     145   DFHPF19
     128   DFHPF2
     146   DFHPF20
     147   DFHPF21
     148   DFHPF22
     150   DFHPF23
     151   DFHPF24
     129   DFHPF3 . . . . . . . . . . . .  329
     130   DFHPF4
     131   DFHPF5
     132   DFHPF6
     133   DFHPF7
     134   DFHPF8
     135   DFHPF9 . . . . . . . . . . . .  351
     122   DFHSTRF
     123   DFHTRIG
       0   EIBAID . . . . . . . . . . . .  324 329 351 357
       0   EIBCALEN . . . . . . . . . . .  317
      80   END-OF-TRANS-MSG
     183   EPDIFF1A
     229   EPDIFF1C
     181   EPDIFF1F . . . . . . . . . . .  182
     230   EPDIFF1H
     185   EPDIFF1I
     180   EPDIFF1L
     231   EPDIFF1O
     195   EPDIFF2A
     237   EPDIFF2C
     193   EPDIFF2F . . . . . . . . . . .  194
     238   EPDIFF2H
     197   EPDIFF2IPP 5655-EC6 IBM Enterprise COBOL for z/OS  6.4.0 P230221       EPSCMORT  Date 08/28/2026  Time 13:56:12   Page    14

 Defined   Cross-reference of data names   References


     192   EPDIFF2L
     239   EPDIFF2O
     165   EPLOANA
     217   EPLOANC
     163   EPLOANF. . . . . . . . . . . .  164
     218   EPLOANH
     167   EPLOANI. . . . . . . . . . . .  430 431
     162   EPLOANL
     219   EPLOANO
     154   EPMENUI. . . . . . . . . . . .  210
     210   EPMENUO. . . . . . . . . . . .  M319 M326
     201   EPPAYMNTA
     241   EPPAYMNTC
     199   EPPAYMNTF. . . . . . . . . . .  200
     242   EPPAYMNTH
     203   EPPAYMNTI
     198   EPPAYMNTL
     243   EPPAYMNTO. . . . . . . . . . .  M466
     189   EPRATEA
     233   EPRATEC
     187   EPRATEF. . . . . . . . . . . .  188
     234   EPRATEH
     191   EPRATEI. . . . . . . . . . . .  445 446
     186   EPRATEL
     235   EPRATEO
     273   EPS-NUMBER-VALIDATION. . . . .  433 440 447
     280   EPSPARM-BINARY-NUMBER
     279   EPSPARM-DECIMAL. . . . . . . .  436 443 450
     276   EPSPARM-MAX-LENGTH . . . . . .  M432 M439 M446
     278   EPSPARM-NUMBER . . . . . . . .  436 443 450
     281   EPSPARM-RETURN-ERROR
     275   EPSPARM-VALIDATE-DATA. . . . .  M430 M438 M445
     265   EPSPCOM-ERRMSG . . . . . . . .  467
     302   EPSPCOM-ERRMSG
     257   EPSPCOM-NUMBER-OF-MONTHS
     294   EPSPCOM-NUMBER-OF-MONTHS
     256   EPSPCOM-NUMBER-OF-YEARS. . . .  M441
     293   EPSPCOM-NUMBER-OF-YEARS
     255   EPSPCOM-PRINCIPLE-DATA . . . .  M434
     292   EPSPCOM-PRINCIPLE-DATA
     266   EPSPCOM-PROGRAM-RETCODE. . . .  269
     303   EPSPCOM-PROGRAM-RETCODE. . . .  306
     268   EPSPCOM-PROGRAM-RETCODE-RDF
     305   EPSPCOM-PROGRAM-RETCODE-RDF
     258   EPSPCOM-QUOTED-INTEREST-RATE .  M448
     295   EPSPCOM-QUOTED-INTEREST-RATE
     263   EPSPCOM-RETURN-MONTH-PAYMENT .  461
     300   EPSPCOM-RETURN-MONTH-PAYMENT
     260   EPSPCOM-YEAR-MONTH-IND . . . .  M454
     297   EPSPCOM-YEAR-MONTH-IND
     267   EPS02-REQUEST-SUCCESS
     304   EPS02-REQUEST-SUCCESS
     177   EPYEARSA
     225   EPYEARSC
     175   EPYEARSF . . . . . . . . . . .  176PP 5655-EC6 IBM Enterprise COBOL for z/OS  6.4.0 P230221       EPSCMORT  Date 08/28/2026  Time 13:56:12   Page    15

 Defined   Cross-reference of data names   References


     226   EPYEARSH
     179   EPYEARSI . . . . . . . . . . .  438 439
     174   EPYEARSL
     227   EPYEARSO
      78   IBMREQD. . . . . . . . . . . .  474
     159   LITLOANA
     213   LITLOANC
     157   LITLOANF . . . . . . . . . . .  158
     214   LITLOANH
     161   LITLOANI
     156   LITLOANL
     215   LITLOANO
     171   LITYEARSA
     221   LITYEARSC
     169   LITYEARSF. . . . . . . . . . .  170
     222   LITYEARSH
     173   LITYEARSI
     168   LITYEARSL
     223   LITYEARSO
     207   MSGERRA
     245   MSGERRC
     205   MSGERRF. . . . . . . . . . . .  206
     246   MSGERRH
     209   MSGERRI
     204   MSGERRL
     247   MSGERRO. . . . . . . . . . . .  M469 M479 M483
     251   PROCESS-INDICATOR. . . . . . .  M323 331 M349 M353 359 368
     288   PROCESS-INDICATOR
      24   SEND-ALL . . . . . . . . . . .  M341 416
      21   SEND-DATAONLY. . . . . . . . .  M387 408
      23   SEND-DATAONLY-ALARM
      20   SEND-ERASE . . . . . . . . . .  M320 M327 400
      22   SEND-MAPONLY . . . . . . . . .  393
       0   SQL---PLIST. . . . . . . . . .  476
      44   SQL-ERROR-CODE . . . . . . . .  M482
      42   SQL-ERROR-MSG. . . . . . . . .  483
      49   SQLCA
      51   SQLCABC
      50   SQLCAID
      52   SQLCODE. . . . . . . . . . . .  478 481 482
      57   SQLERRD
      53   SQLERRM
      55   SQLERRMC
      54   SQLERRML
      56   SQLERRP
      68   SQLEXT
      72   SQLSTATE
      59   SQLWARN
      71   SQLWARNA
      60   SQLWARN0
      61   SQLWARN1
      62   SQLWARN2
      63   SQLWARN3
      64   SQLWARN4
      65   SQLWARN5PP 5655-EC6 IBM Enterprise COBOL for z/OS  6.4.0 P230221       EPSCMORT  Date 08/28/2026  Time 13:56:12   Page    16

 Defined   Cross-reference of data names   References


      66   SQLWARN6
      67   SQLWARN7
      69   SQLWARN8
      70   SQLWARN9
      37   W-CALL-PROGRAM . . . . . . . .  M456
      40   W-COMAREA-LENGTH . . . . . . .  M314
     249   W-COMMUNICATION-AREA . . . . .  M315 323 331 349 353 359 368 435 442 449 455 462 468
      26   W-CONVERSIONS
      18   W-FLAGS
      27   W-PMT-CNVRT. . . . . . . . . .  29
      28   W-PMT-NUMBER
      32   W-PRINC-CNVRT. . . . . . . . .  34
      33   W-PRINC-NUMBER
      39   W-RETIREMENT-WA
      19   W-SEND-FLAG
      31   WS-FORMAT-NUMBER . . . . . . .  M463 465PP 5655-EC6 IBM Enterprise COBOL for z/OS  6.4.0 P230221       EPSCMORT  Date 08/28/2026  Time 13:56:12   Page    17

Context usage is indicated by the letter preceding a procedure-name reference.
These letters and their meanings are:
    A = ALTER (procedure-name)
    D = GO TO (procedure-name) DEPENDING ON
    E = End of range of (PERFORM) through (procedure-name)
    G = GO TO (procedure-name)
    P = PERFORM (procedure-name)
    T = (ALTER) TO PROCEED TO (procedure-name)
    U = USE FOR DEBUGGING (procedure-name)

 Defined   Cross-reference of procedures   References

     384   A100-PROCESS-MAP . . . . . . .  P360
     391   A300-SEND-MAP. . . . . . . . .  P321 P328 P347 P388
     423   A400-RECEIVE-MAP . . . . . . .  P385
     453   A600-CALCULATE-MORTGAGE. . . .  P369 P386
     471   A805-DUMMY-SQL-CALL. . . . . .  P313
     311   EPSCMORT-MAINLINEPP 5655-EC6 IBM Enterprise COBOL for z/OS  6.4.0 P230221       EPSCMORT  Date 08/28/2026  Time 13:56:12   Page    18

 Defined   Cross-reference of programs     References

EXTERNAL   DFHEI1 . . . . . . . . . . . .  336 339 346 356 364 370 382 399 407 415 421 428 459
EXTERNAL   DSNHLI . . . . . . . . . . . .  476
       2   EPSCMORT
EXTERNAL   EPSNBRVL . . . . . . . . . . .  433 440 447PP 5655-EC6 IBM Enterprise COBOL for z/OS  6.4.0 P230221       EPSCMORT  Date 08/28/2026  Time 13:56:12   Page    19


         COPY/BASIS cross-reference of text-names, library names and dataset information

 Text-name Library   File name                                    Concat   ISPF statistics
 (Member)  (DDNAME)  (Dataset name)                               Level    Created         Changed

 DFHAID    SYSLIB    DFH610.CICS.SDFHCOB                            2     2026/02/11   2026/02/11 18:38:42
 EPSMORT   SYSLIB    B027086.DBB.COPY                               0
 EPSMTCOM  SYSLIB    B027086.DBB.COPY                               0
 EPSMTINP  SYSLIB    B027086.DBB.COPY                               0
 EPSMTOUT  SYSLIB    B027086.DBB.COPY                               0
 EPSNBRPM  SYSLIB    B027086.DBB.COPY                               0
PP 5655-EC6 IBM Enterprise COBOL for z/OS  6.4.0 P230221       EPSCMORT  Date 08/28/2026  Time 13:56:12   Page    20

LineID  Message code  Message text

        IGYDS0139-W   Diagnostic messages were issued during processing of compiler options.  These messages are located at the
                      beginning of the listing.


Messages    Total    Informational    Warning    Error    Severe    Terminating

Printed:       5           2              3


* Statistics for COBOL program EPSCMORT:
*    Source records = 856
*    Data Division statements = 360
*    Procedure Division statements = 74
*    Generated COBOL statements = 74
*    Program complexity factor = 153

End of compilation 1,  program EPSCMORT,  highest severity 4.

Return code 4
